==================================================
[07/07/2026  9:31:17,89] Iniciando auto-sync...
[07/07/2026  9:31:17,97] git add -A
[07/07/2026  9:31:18,12] git commit -m "auto-sync 07/07/2026  9:31:18,12"
[main ca91570] auto-sync 07/07/2026  9:31:18,12
 2 files changed, 94 insertions(+)
 create mode 100644 auto_sync.bat
 create mode 100644 auto_sync.log
[07/07/2026  9:31:18,26] git pull --rebase origin main
error: cannot pull with rebase: You have unstaged changes.
error: Please commit or stash them.
==================================================
[07/07/2026  9:40:28,74] Iniciando auto-sync...
[07/07/2026  9:40:28,78] git add -A
warning: in the working copy of 'auto_sync.log', LF will be replaced by CRLF the next time Git touches it
[07/07/2026  9:40:28,90] git commit -m "auto-sync 07/07/2026  9:40:28,90"
[main 8b0404d] auto-sync 07/07/2026  9:40:28,90
 1 file changed, 11 insertions(+)
[07/07/2026  9:40:29,02] git pull --rebase origin main
error: cannot pull with rebase: You have unstaged changes.
error: Please commit or stash them.
==================================================
[07/07/2026  9:55:28,71] Iniciando auto-sync...
[07/07/2026  9:55:28,77] git add -A
warning: in the working copy of 'auto_sync.log', LF will be replaced by CRLF the next time Git touches it
[07/07/2026  9:55:28,90] git commit -m "auto-sync 07/07/2026  9:55:28,90"
[main 97d8045] auto-sync 07/07/2026  9:55:28,90
 1 file changed, 10 insertions(+)
[07/07/2026  9:55:29,09] git pull --rebase origin main
error: cannot pull with rebase: You have unstaged changes.
error: Please commit or stash them.
==================================================
[07/07/2026 10:10:28,72] Iniciando auto-sync...
[07/07/2026 10:10:28,78] git add -A
warning: in the working copy of 'auto_sync.log', LF will be replaced by CRLF the next time Git touches it
[07/07/2026 10:10:28,89] git commit -m "auto-sync 07/07/2026 10:10:28,89"
[main 0afae20] auto-sync 07/07/2026 10:10:28,89
 1 file changed, 10 insertions(+)
[07/07/2026 10:10:29,10] git pull --rebase origin main
error: cannot pull with rebase: You have unstaged changes.
error: Please commit or stash them.
==================================================
[07/07/2026 10:25:28,71] Iniciando auto-sync...
[07/07/2026 10:25:28,75] git add -A
warning: in the working copy of 'auto_sync.log', LF will be replaced by CRLF the next time Git touches it
[07/07/2026 10:25:28,88] git commit -m "auto-sync 07/07/2026 10:25:28,88"
[main 62099bb] auto-sync 07/07/2026 10:25:28,88
 1 file changed, 10 insertions(+)
[07/07/2026 10:25:29,01] git pull --rebase origin main
error: cannot pull with rebase: You have unstaged changes.
error: Please commit or stash them.
==================================================
[07/07/2026 10:40:28,71] Iniciando auto-sync...
[07/07/2026 10:40:28,77] git add -A
